[2026-05-04 23:51:58] ========================================
[2026-05-04 23:51:58] 🔍 开始15m信号扫描...
[2026-05-04 23:52:02]   [23:51] 检查活跃信号...
[2026-05-04 23:52:02]   [23:51] 扫描新信号...
[2026-05-04 23:52:02]   BTCUSDT: 无信号
[2026-05-04 23:52:02]   ETHUSDT: 无信号
[2026-05-04 23:52:02]   无新通知
[2026-05-04 23:52:05] ✅ GitHub推送成功
[2026-05-04 23:52:05] ✅ 扫描完成
[2026-05-04 23:59:15] ========================================
[2026-05-04 23:59:15] 🔍 开始15m信号扫描...
[2026-05-04 23:59:20]   [23:59] 检查活跃信号...
[2026-05-04 23:59:20]   [23:59] 扫描新信号...
[2026-05-04 23:59:20]   BTCUSDT: 无信号
[2026-05-04 23:59:20]   ETHUSDT: 无信号
[2026-05-04 23:59:20]   无新通知
[2026-05-04 23:59:22] ✅ GitHub推送成功
[2026-05-04 23:59:22] ✅ 扫描完成
[2026-05-05 00:00:35] ========================================
[2026-05-05 00:00:35] 🔍 开始15m信号扫描...
[2026-05-05 00:00:39]   [00:00] 检查活跃信号...
[2026-05-05 00:00:39]   [00:00] 扫描新信号...
[2026-05-05 00:00:39]   BTCUSDT: 无信号
[2026-05-05 00:00:39]   ETHUSDT: 无信号
[2026-05-05 00:00:39]   无新通知
[2026-05-05 00:00:45] ✅ GitHub推送成功
[2026-05-05 00:00:45] ✅ 扫描完成
[2026-05-05 00:15:56] ========================================
[2026-05-05 00:15:56] 🔍 开始15m信号扫描...
[2026-05-05 00:15:59]   [00:15] 检查活跃信号...
[2026-05-05 00:15:59]   [00:15] 扫描新信号...
[2026-05-05 00:15:59]   BTCUSDT: 无信号
[2026-05-05 00:15:59]   ETHUSDT: 无信号
[2026-05-05 00:15:59]   无新通知
